===XPATH===
REDUCERE!
https://www.mobiland.md/product-category/dormitor/
https://www.mobiland.md/wp-content/uploads/2020/12/logo_lung.png
MDL
tel:+37368687838
===CSS SELECTORS===
position-relative js-header-wrapper 
color-fg-default h4
dark
Go to GitHub homepage
https://github.githubassets.com/images/modules/site/home-campaign/hero-bg.webp
